<?xml version="1.0" encoding="UTF-8"?>
<testsuites name="jest tests" tests="1" failures="0" time="14.743">
  <testsuite name="HelloWorld.vue" errors="0" failures="0" skipped="0" timestamp="2020-05-13T11:21:21" time="1.323" tests="1">
    <testcase classname="HelloWorld.vue runs tests" name="HelloWorld.vue runs tests" time="0.005">
    </testcase>
  </testsuite>
</testsuites>